src/components/ConfirmDialog.tsx(2,41): error TS2792: Cannot find module '@heroicons/react/24/outline'. Did you mean to set the 'moduleResolution' option to 'nodenext', or to add aliases to the 'paths' option?
src/components/ConfirmDialog.tsx(26,5): error TS2339: Property 'div' does not exist on type 'JSX.IntrinsicElements'.
src/components/ConfirmDialog.tsx(27,7): error TS2339: Property 'div' does not exist on type 'JSX.IntrinsicElements'.
src/components/ConfirmDialog.tsx(28,9): error TS2339: Property 'div' does not exist on type 'JSX.IntrinsicElements'.
src/components/ConfirmDialog.tsx(28,100): error TS2339: Property 'div' does not exist on type 'JSX.IntrinsicElements'.
src/components/ConfirmDialog.tsx(30,9): error TS2339: Property 'div' does not exist on type 'JSX.IntrinsicElements'.
src/components/ConfirmDialog.tsx(31,11): error TS2339: Property 'div' does not exist on type 'JSX.IntrinsicElements'.
src/components/ConfirmDialog.tsx(32,13): error TS2339: Property 'div' does not exist on type 'JSX.IntrinsicElements'.
src/components/ConfirmDialog.tsx(34,13): error TS2339: Property 'div' does not exist on type 'JSX.IntrinsicElements'.
src/components/ConfirmDialog.tsx(35,13): error TS2339: Property 'h3' does not exist on type 'JSX.IntrinsicElements'.
src/components/ConfirmDialog.tsx(35,76): error TS2339: Property 'h3' does not exist on type 'JSX.IntrinsicElements'.
src/components/ConfirmDialog.tsx(36,11): error TS2339: Property 'div' does not exist on type 'JSX.IntrinsicElements'.
src/components/ConfirmDialog.tsx(38,11): error TS2339: Property 'p' does not exist on type 'JSX.IntrinsicElements'.
src/components/ConfirmDialog.tsx(38,54): error TS2339: Property 'p' does not exist on type 'JSX.IntrinsicElements'.
src/components/ConfirmDialog.tsx(40,11): error TS2339: Property 'div' does not exist on type 'JSX.IntrinsicElements'.
src/components/ConfirmDialog.tsx(41,13): error TS2339: Property 'button' does not exist on type 'JSX.IntrinsicElements'.
src/components/ConfirmDialog.tsx(46,13): error TS2339: Property 'button' does not exist on type 'JSX.IntrinsicElements'.
src/components/ConfirmDialog.tsx(47,13): error TS2339: Property 'button' does not exist on type 'JSX.IntrinsicElements'.
src/components/ConfirmDialog.tsx(52,13): error TS2339: Property 'button' does not exist on type 'JSX.IntrinsicElements'.
src/components/ConfirmDialog.tsx(53,11): error TS2339: Property 'div' does not exist on type 'JSX.IntrinsicElements'.
src/components/ConfirmDialog.tsx(54,9): error TS2339: Property 'div' does not exist on type 'JSX.IntrinsicElements'.
src/components/ConfirmDialog.tsx(55,7): error TS2339: Property 'div' does not exist on type 'JSX.IntrinsicElements'.
src/components/ConfirmDialog.tsx(56,5): error TS2339: Property 'div' does not exist on type 'JSX.IntrinsicElements'.
src/components/Modal.tsx(2,27): error TS2792: Cannot find module '@heroicons/react/24/outline'. Did you mean to set the 'moduleResolution' option to 'nodenext', or to add aliases to the 'paths' option?
src/components/Modal.tsx(16,5): error TS2339: Property 'div' does not exist on type 'JSX.IntrinsicElements'.
src/components/Modal.tsx(17,7): error TS2339: Property 'div' does not exist on type 'JSX.IntrinsicElements'.
src/components/Modal.tsx(18,9): error TS2339: Property 'div' does not exist on type 'JSX.IntrinsicElements'.
src/components/Modal.tsx(18,101): error TS2339: Property 'div' does not exist on type 'JSX.IntrinsicElements'.
src/components/Modal.tsx(20,9): error TS2339: Property 'div' does not exist on type 'JSX.IntrinsicElements'.
src/components/Modal.tsx(21,11): error TS2339: Property 'div' does not exist on type 'JSX.IntrinsicElements'.
src/components/Modal.tsx(22,13): error TS2339: Property 'h3' does not exist on type 'JSX.IntrinsicElements'.
src/components/Modal.tsx(22,76): error TS2339: Property 'h3' does not exist on type 'JSX.IntrinsicElements'.
src/components/Modal.tsx(23,13): error TS2339: Property 'button' does not exist on type 'JSX.IntrinsicElements'.
src/components/Modal.tsx(28,13): error TS2339: Property 'button' does not exist on type 'JSX.IntrinsicElements'.
src/components/Modal.tsx(29,11): error TS2339: Property 'div' does not exist on type 'JSX.IntrinsicElements'.
src/components/Modal.tsx(31,9): error TS2339: Property 'div' does not exist on type 'JSX.IntrinsicElements'.
src/components/Modal.tsx(32,7): error TS2339: Property 'div' does not exist on type 'JSX.IntrinsicElements'.
src/components/Modal.tsx(33,5): error TS2339: Property 'div' does not exist on type 'JSX.IntrinsicElements'.
src/components/ProjectModal.tsx(4,27): error TS2792: Cannot find module '@heroicons/react/24/outline'. Did you mean to set the 'moduleResolution' option to 'nodenext', or to add aliases to the 'paths' option?
src/components/ProjectModal.tsx(163,7): error TS2339: Property 'form' does not exist on type 'JSX.IntrinsicElements'.
src/components/ProjectModal.tsx(165,9): error TS2339: Property 'div' does not exist on type 'JSX.IntrinsicElements'.
src/components/ProjectModal.tsx(166,11): error TS2339: Property 'h3' does not exist on type 'JSX.IntrinsicElements'.
src/components/ProjectModal.tsx(166,95): error TS2339: Property 'h3' does not exist on type 'JSX.IntrinsicElements'.
src/components/ProjectModal.tsx(167,11): error TS2339: Property 'div' does not exist on type 'JSX.IntrinsicElements'.
src/components/ProjectModal.tsx(168,13): error TS2339: Property 'div' does not exist on type 'JSX.IntrinsicElements'.
src/components/ProjectModal.tsx(169,15): error TS2339: Property 'label' does not exist on type 'JSX.IntrinsicElements'.
src/components/ProjectModal.tsx(169,94): error TS2339: Property 'label' does not exist on type 'JSX.IntrinsicElements'.
src/components/ProjectModal.tsx(170,15): error TS2339: Property 'input' does not exist on type 'JSX.IntrinsicElements'.
src/components/ProjectModal.tsx(178,13): error TS2339: Property 'div' does not exist on type 'JSX.IntrinsicElements'.
src/components/ProjectModal.tsx(180,13): error TS2339: Property 'div' does not exist on type 'JSX.IntrinsicElements'.
src/components/ProjectModal.tsx(181,15): error TS2339: Property 'label' does not exist on type 'JSX.IntrinsicElements'.
src/components/ProjectModal.tsx(181,87): error TS2339: Property 'label' does not exist on type 'JSX.IntrinsicElements'.
src/components/ProjectModal.tsx(183,17): error TS2339: Property 'select' does not exist on type 'JSX.IntrinsicElements'.
src/components/ProjectModal.tsx(190,19): error TS2339: Property 'option' does not exist on type 'JSX.IntrinsicElements'.
src/components/ProjectModal.tsx(190,51): error TS2339: Property 'option' does not exist on type 'JSX.IntrinsicElements'.
src/components/ProjectModal.tsx(192,21): error TS2339: Property 'option' does not exist on type 'JSX.IntrinsicElements'.
src/components/ProjectModal.tsx(194,21): error TS2339: Property 'option' does not exist on type 'JSX.IntrinsicElements'.
src/components/ProjectModal.tsx(196,17): error TS2339: Property 'select' does not exist on type 'JSX.IntrinsicElements'.
src/components/ProjectModal.tsx(198,17): error TS2339: Property 'input' does not exist on type 'JSX.IntrinsicElements'.
src/components/ProjectModal.tsx(208,13): error TS2339: Property 'div' does not exist on type 'JSX.IntrinsicElements'.
src/components/ProjectModal.tsx(210,13): error TS2339: Property 'div' does not exist on type 'JSX.IntrinsicElements'.
src/components/ProjectModal.tsx(211,15): error TS2339: Property 'label' does not exist on type 'JSX.IntrinsicElements'.
src/components/ProjectModal.tsx(211,91): error TS2339: Property 'label' does not exist on type 'JSX.IntrinsicElements'.
src/components/ProjectModal.tsx(212,15): error TS2339: Property 'select' does not exist on type 'JSX.IntrinsicElements'.
src/components/ProjectModal.tsx(218,17): error TS2339: Property 'option' does not exist on type 'JSX.IntrinsicElements'.
src/components/ProjectModal.tsx(218,48): error TS2339: Property 'option' does not exist on type 'JSX.IntrinsicElements'.
src/components/ProjectModal.tsx(219,17): error TS2339: Property 'option' does not exist on type 'JSX.IntrinsicElements'.
src/components/ProjectModal.tsx(219,58): error TS2339: Property 'option' does not exist on type 'JSX.IntrinsicElements'.
src/components/ProjectModal.tsx(220,17): error TS2339: Property 'option' does not exist on type 'JSX.IntrinsicElements'.
src/components/ProjectModal.tsx(220,48): error TS2339: Property 'option' does not exist on type 'JSX.IntrinsicElements'.
src/components/ProjectModal.tsx(221,17): error TS2339: Property 'option' does not exist on type 'JSX.IntrinsicElements'.
src/components/ProjectModal.tsx(221,40): error TS2339: Property 'option' does not exist on type 'JSX.IntrinsicElements'.
src/components/ProjectModal.tsx(222,17): error TS2339: Property 'option' does not exist on type 'JSX.IntrinsicElements'.
src/components/ProjectModal.tsx(222,62): error TS2339: Property 'option' does not exist on type 'JSX.IntrinsicElements'.
src/components/ProjectModal.tsx(223,17): error TS2339: Property 'option' does not exist on type 'JSX.IntrinsicElements'.
src/components/ProjectModal.tsx(223,60): error TS2339: Property 'option' does not exist on type 'JSX.IntrinsicElements'.
src/components/ProjectModal.tsx(224,17): error TS2339: Property 'option' does not exist on type 'JSX.IntrinsicElements'.
src/components/ProjectModal.tsx(224,62): error TS2339: Property 'option' does not exist on type 'JSX.IntrinsicElements'.
src/components/ProjectModal.tsx(224,85): error TS2339: Property 'select' does not exist on type 'JSX.IntrinsicElements'.
src/components/ProjectModal.tsx(225,13): error TS2339: Property 'div' does not exist on type 'JSX.IntrinsicElements'.
src/components/ProjectModal.tsx(227,13): error TS2339: Property 'div' does not exist on type 'JSX.IntrinsicElements'.
src/components/ProjectModal.tsx(228,15): error TS2339: Property 'label' does not exist on type 'JSX.IntrinsicElements'.
src/components/ProjectModal.tsx(228,87): error TS2339: Property 'label' does not exist on type 'JSX.IntrinsicElements'.
src/components/ProjectModal.tsx(229,15): error TS2339: Property 'select' does not exist on type 'JSX.IntrinsicElements'.
src/components/ProjectModal.tsx(236,17): error TS2339: Property 'option' does not exist on type 'JSX.IntrinsicElements'.
src/components/ProjectModal.tsx(236,50): error TS2339: Property 'option' does not exist on type 'JSX.IntrinsicElements'.
src/components/ProjectModal.tsx(237,17): error TS2339: Property 'option' does not exist on type 'JSX.IntrinsicElements'.
src/components/ProjectModal.tsx(237,56): error TS2339: Property 'option' does not exist on type 'JSX.IntrinsicElements'.
src/components/ProjectModal.tsx(238,17): error TS2339: Property 'option' does not exist on type 'JSX.IntrinsicElements'.
src/components/ProjectModal.tsx(238,52): error TS2339: Property 'option' does not exist on type 'JSX.IntrinsicElements'.
src/components/ProjectModal.tsx(239,17): error TS2339: Property 'option' does not exist on type 'JSX.IntrinsicElements'.
src/components/ProjectModal.tsx(239,48): error TS2339: Property 'option' does not exist on type 'JSX.IntrinsicElements'.
src/components/ProjectModal.tsx(240,15): error TS2339: Property 'select' does not exist on type 'JSX.IntrinsicElements'.
src/components/ProjectModal.tsx(241,13): error TS2339: Property 'div' does not exist on type 'JSX.IntrinsicElements'.
src/components/ProjectModal.tsx(243,13): error TS2339: Property 'div' does not exist on type 'JSX.IntrinsicElements'.
src/components/ProjectModal.tsx(244,15): error TS2339: Property 'label' does not exist on type 'JSX.IntrinsicElements'.
src/components/ProjectModal.tsx(244,87): error TS2339: Property 'label' does not exist on type 'JSX.IntrinsicElements'.
src/components/ProjectModal.tsx(245,15): error TS2339: Property 'select' does not exist on type 'JSX.IntrinsicElements'.
src/components/ProjectModal.tsx(251,17): error TS2339: Property 'option' does not exist on type 'JSX.IntrinsicElements'.
src/components/ProjectModal.tsx(251,40): error TS2339: Property 'option' does not exist on type 'JSX.IntrinsicElements'.
src/components/ProjectModal.tsx(252,17): error TS2339: Property 'option' does not exist on type 'JSX.IntrinsicElements'.
src/components/ProjectModal.tsx(252,46): error TS2339: Property 'option' does not exist on type 'JSX.IntrinsicElements'.
src/components/ProjectModal.tsx(253,17): error TS2339: Property 'option' does not exist on type 'JSX.IntrinsicElements'.
src/components/ProjectModal.tsx(253,42): error TS2339: Property 'option' does not exist on type 'JSX.IntrinsicElements'.
src/components/ProjectModal.tsx(254,17): error TS2339: Property 'option' does not exist on type 'JSX.IntrinsicElements'.
src/components/ProjectModal.tsx(254,46): error TS2339: Property 'option' does not exist on type 'JSX.IntrinsicElements'.
src/components/ProjectModal.tsx(255,15): error TS2339: Property 'select' does not exist on type 'JSX.IntrinsicElements'.
src/components/ProjectModal.tsx(256,13): error TS2339: Property 'div' does not exist on type 'JSX.IntrinsicElements'.
src/components/ProjectModal.tsx(257,11): error TS2339: Property 'div' does not exist on type 'JSX.IntrinsicElements'.
src/components/ProjectModal.tsx(258,9): error TS2339: Property 'div' does not exist on type 'JSX.IntrinsicElements'.
src/components/ProjectModal.tsx(261,9): error TS2339: Property 'div' does not exist on type 'JSX.IntrinsicElements'.
src/components/ProjectModal.tsx(262,11): error TS2339: Property 'h3' does not exist on type 'JSX.IntrinsicElements'.
src/components/ProjectModal.tsx(262,108): error TS2339: Property 'h3' does not exist on type 'JSX.IntrinsicElements'.
src/components/ProjectModal.tsx(263,11): error TS2339: Property 'div' does not exist on type 'JSX.IntrinsicElements'.
src/components/ProjectModal.tsx(264,13): error TS2339: Property 'div' does not exist on type 'JSX.IntrinsicElements'.
src/components/ProjectModal.tsx(265,15): error TS2339: Property 'label' does not exist on type 'JSX.IntrinsicElements'.
src/components/ProjectModal.tsx(265,89): error TS2339: Property 'label' does not exist on type 'JSX.IntrinsicElements'.
src/components/ProjectModal.tsx(266,15): error TS2339: Property 'input' does not exist on type 'JSX.IntrinsicElements'.
src/components/ProjectModal.tsx(273,13): error TS2339: Property 'div' does not exist on type 'JSX.IntrinsicElements'.
src/components/ProjectModal.tsx(274,13): error TS2339: Property 'div' does not exist on type 'JSX.IntrinsicElements'.
src/components/ProjectModal.tsx(275,15): error TS2339: Property 'label' does not exist on type 'JSX.IntrinsicElements'.
src/components/ProjectModal.tsx(275,87): error TS2339: Property 'label' does not exist on type 'JSX.IntrinsicElements'.
src/components/ProjectModal.tsx(276,15): error TS2339: Property 'input' does not exist on type 'JSX.IntrinsicElements'.
src/components/ProjectModal.tsx(283,13): error TS2339: Property 'div' does not exist on type 'JSX.IntrinsicElements'.
src/components/ProjectModal.tsx(284,13): error TS2339: Property 'div' does not exist on type 'JSX.IntrinsicElements'.
src/components/ProjectModal.tsx(285,15): error TS2339: Property 'label' does not exist on type 'JSX.IntrinsicElements'.
src/components/ProjectModal.tsx(286,27): error TS2339: Property 'span' does not exist on type 'JSX.IntrinsicElements'.
src/components/ProjectModal.tsx(286,89): error TS2339: Property 'span' does not exist on type 'JSX.IntrinsicElements'.
src/components/ProjectModal.tsx(287,15): error TS2339: Property 'label' does not exist on type 'JSX.IntrinsicElements'.
src/components/ProjectModal.tsx(288,15): error TS2339: Property 'input' does not exist on type 'JSX.IntrinsicElements'.
src/components/ProjectModal.tsx(300,15): error TS2339: Property 'div' does not exist on type 'JSX.IntrinsicElements'.
src/components/ProjectModal.tsx(301,17): error TS2339: Property 'span' does not exist on type 'JSX.IntrinsicElements'.
src/components/ProjectModal.tsx(301,25): error TS2339: Property 'span' does not exist on type 'JSX.IntrinsicElements'.
src/components/ProjectModal.tsx(302,17): error TS2339: Property 'span' does not exist on type 'JSX.IntrinsicElements'.
src/components/ProjectModal.tsx(302,26): error TS2339: Property 'span' does not exist on type 'JSX.IntrinsicElements'.
src/components/ProjectModal.tsx(303,17): error TS2339: Property 'span' does not exist on type 'JSX.IntrinsicElements'.
src/components/ProjectModal.tsx(303,26): error TS2339: Property 'span' does not exist on type 'JSX.IntrinsicElements'.
src/components/ProjectModal.tsx(304,17): error TS2339: Property 'span' does not exist on type 'JSX.IntrinsicElements'.
src/components/ProjectModal.tsx(304,26): error TS2339: Property 'span' does not exist on type 'JSX.IntrinsicElements'.
src/components/ProjectModal.tsx(305,17): error TS2339: Property 'span' does not exist on type 'JSX.IntrinsicElements'.
src/components/ProjectModal.tsx(305,27): error TS2339: Property 'span' does not exist on type 'JSX.IntrinsicElements'.
src/components/ProjectModal.tsx(306,15): error TS2339: Property 'div' does not exist on type 'JSX.IntrinsicElements'.
src/components/ProjectModal.tsx(307,13): error TS2339: Property 'div' does not exist on type 'JSX.IntrinsicElements'.
src/components/ProjectModal.tsx(308,11): error TS2339: Property 'div' does not exist on type 'JSX.IntrinsicElements'.
src/components/ProjectModal.tsx(309,9): error TS2339: Property 'div' does not exist on type 'JSX.IntrinsicElements'.
src/components/ProjectModal.tsx(312,9): error TS2339: Property 'div' does not exist on type 'JSX.IntrinsicElements'.
src/components/ProjectModal.tsx(313,11): error TS2339: Property 'h3' does not exist on type 'JSX.IntrinsicElements'.
src/components/ProjectModal.tsx(313,99): error TS2339: Property 'h3' does not exist on type 'JSX.IntrinsicElements'.
src/components/ProjectModal.tsx(314,11): error TS2339: Property 'div' does not exist on type 'JSX.IntrinsicElements'.
src/components/ProjectModal.tsx(315,13): error TS2339: Property 'div' does not exist on type 'JSX.IntrinsicElements'.
src/components/ProjectModal.tsx(316,15): error TS2339: Property 'label' does not exist on type 'JSX.IntrinsicElements'.
src/components/ProjectModal.tsx(316,96): error TS2339: Property 'label' does not exist on type 'JSX.IntrinsicElements'.
src/components/ProjectModal.tsx(317,15): error TS2339: Property 'input' does not exist on type 'JSX.IntrinsicElements'.
src/components/ProjectModal.tsx(325,13): error TS2339: Property 'div' does not exist on type 'JSX.IntrinsicElements'.
src/components/ProjectModal.tsx(326,13): error TS2339: Property 'div' does not exist on type 'JSX.IntrinsicElements'.
src/components/ProjectModal.tsx(327,15): error TS2339: Property 'label' does not exist on type 'JSX.IntrinsicElements'.
src/components/ProjectModal.tsx(327,91): error TS2339: Property 'label' does not exist on type 'JSX.IntrinsicElements'.
src/components/ProjectModal.tsx(328,15): error TS2339: Property 'select' does not exist on type 'JSX.IntrinsicElements'.
src/components/ProjectModal.tsx(334,17): error TS2339: Property 'option' does not exist on type 'JSX.IntrinsicElements'.
src/components/ProjectModal.tsx(334,44): error TS2339: Property 'option' does not exist on type 'JSX.IntrinsicElements'.
src/components/ProjectModal.tsx(335,17): error TS2339: Property 'option' does not exist on type 'JSX.IntrinsicElements'.
src/components/ProjectModal.tsx(335,46): error TS2339: Property 'option' does not exist on type 'JSX.IntrinsicElements'.
src/components/ProjectModal.tsx(336,17): error TS2339: Property 'option' does not exist on type 'JSX.IntrinsicElements'.
src/components/ProjectModal.tsx(336,50): error TS2339: Property 'option' does not exist on type 'JSX.IntrinsicElements'.
src/components/ProjectModal.tsx(337,15): error TS2339: Property 'select' does not exist on type 'JSX.IntrinsicElements'.
src/components/ProjectModal.tsx(338,13): error TS2339: Property 'div' does not exist on type 'JSX.IntrinsicElements'.
src/components/ProjectModal.tsx(339,13): error TS2339: Property 'div' does not exist on type 'JSX.IntrinsicElements'.
src/components/ProjectModal.tsx(340,15): error TS2339: Property 'label' does not exist on type 'JSX.IntrinsicElements'.
src/components/ProjectModal.tsx(340,97): error TS2339: Property 'label' does not exist on type 'JSX.IntrinsicElements'.
src/components/ProjectModal.tsx(341,15): error TS2339: Property 'input' does not exist on type 'JSX.IntrinsicElements'.
src/components/ProjectModal.tsx(350,13): error TS2339: Property 'div' does not exist on type 'JSX.IntrinsicElements'.
src/components/ProjectModal.tsx(351,13): error TS2339: Property 'div' does not exist on type 'JSX.IntrinsicElements'.
src/components/ProjectModal.tsx(352,15): error TS2339: Property 'label' does not exist on type 'JSX.IntrinsicElements'.
src/components/ProjectModal.tsx(352,91): error TS2339: Property 'label' does not exist on type 'JSX.IntrinsicElements'.
src/components/ProjectModal.tsx(353,15): error TS2339: Property 'input' does not exist on type 'JSX.IntrinsicElements'.
src/components/ProjectModal.tsx(361,13): error TS2339: Property 'div' does not exist on type 'JSX.IntrinsicElements'.
src/components/ProjectModal.tsx(362,11): error TS2339: Property 'div' does not exist on type 'JSX.IntrinsicElements'.
src/components/ProjectModal.tsx(363,9): error TS2339: Property 'div' does not exist on type 'JSX.IntrinsicElements'.
src/components/ProjectModal.tsx(366,9): error TS2339: Property 'div' does not exist on type 'JSX.IntrinsicElements'.
src/components/ProjectModal.tsx(367,11): error TS2339: Property 'h3' does not exist on type 'JSX.IntrinsicElements'.
src/components/ProjectModal.tsx(367,103): error TS2339: Property 'h3' does not exist on type 'JSX.IntrinsicElements'.
src/components/ProjectModal.tsx(368,11): error TS2339: Property 'div' does not exist on type 'JSX.IntrinsicElements'.
src/components/ProjectModal.tsx(369,13): error TS2339: Property 'div' does not exist on type 'JSX.IntrinsicElements'.
src/components/ProjectModal.tsx(370,15): error TS2339: Property 'label' does not exist on type 'JSX.IntrinsicElements'.
src/components/ProjectModal.tsx(370,84): error TS2339: Property 'label' does not exist on type 'JSX.IntrinsicElements'.
src/components/ProjectModal.tsx(371,15): error TS2339: Property 'input' does not exist on type 'JSX.IntrinsicElements'.
src/components/ProjectModal.tsx(379,13): error TS2339: Property 'div' does not exist on type 'JSX.IntrinsicElements'.
src/components/ProjectModal.tsx(381,13): error TS2339: Property 'div' does not exist on type 'JSX.IntrinsicElements'.
src/components/ProjectModal.tsx(382,15): error TS2339: Property 'label' does not exist on type 'JSX.IntrinsicElements'.
src/components/ProjectModal.tsx(382,95): error TS2339: Property 'label' does not exist on type 'JSX.IntrinsicElements'.
src/components/ProjectModal.tsx(383,15): error TS2339: Property 'div' does not exist on type 'JSX.IntrinsicElements'.
src/components/ProjectModal.tsx(384,17): error TS2339: Property 'input' does not exist on type 'JSX.IntrinsicElements'.
src/components/ProjectModal.tsx(392,17): error TS2339: Property 'button' does not exist on type 'JSX.IntrinsicElements'.
src/components/ProjectModal.tsx(398,17): error TS2339: Property 'button' does not exist on type 'JSX.IntrinsicElements'.
src/components/ProjectModal.tsx(399,15): error TS2339: Property 'div' does not exist on type 'JSX.IntrinsicElements'.
src/components/ProjectModal.tsx(400,15): error TS2339: Property 'div' does not exist on type 'JSX.IntrinsicElements'.
src/components/ProjectModal.tsx(402,19): error TS2339: Property 'span' does not exist on type 'JSX.IntrinsicElements'.
src/components/ProjectModal.tsx(404,21): error TS2339: Property 'button' does not exist on type 'JSX.IntrinsicElements'.
src/components/ProjectModal.tsx(410,21): error TS2339: Property 'button' does not exist on type 'JSX.IntrinsicElements'.
src/components/ProjectModal.tsx(411,19): error TS2339: Property 'span' does not exist on type 'JSX.IntrinsicElements'.
src/components/ProjectModal.tsx(413,15): error TS2339: Property 'div' does not exist on type 'JSX.IntrinsicElements'.
src/components/ProjectModal.tsx(414,13): error TS2339: Property 'div' does not exist on type 'JSX.IntrinsicElements'.
src/components/ProjectModal.tsx(416,13): error TS2339: Property 'div' does not exist on type 'JSX.IntrinsicElements'.
src/components/ProjectModal.tsx(417,15): error TS2339: Property 'label' does not exist on type 'JSX.IntrinsicElements'.
src/components/ProjectModal.tsx(417,92): error TS2339: Property 'label' does not exist on type 'JSX.IntrinsicElements'.
src/components/ProjectModal.tsx(418,15): error TS2339: Property 'div' does not exist on type 'JSX.IntrinsicElements'.
src/components/ProjectModal.tsx(419,17): error TS2339: Property 'input' does not exist on type 'JSX.IntrinsicElements'.
src/components/ProjectModal.tsx(427,17): error TS2339: Property 'button' does not exist on type 'JSX.IntrinsicElements'.
src/components/ProjectModal.tsx(433,17): error TS2339: Property 'button' does not exist on type 'JSX.IntrinsicElements'.
src/components/ProjectModal.tsx(434,15): error TS2339: Property 'div' does not exist on type 'JSX.IntrinsicElements'.
src/components/ProjectModal.tsx(435,15): error TS2339: Property 'div' does not exist on type 'JSX.IntrinsicElements'.
src/components/ProjectModal.tsx(437,19): error TS2339: Property 'span' does not exist on type 'JSX.IntrinsicElements'.
src/components/ProjectModal.tsx(439,21): error TS2339: Property 'button' does not exist on type 'JSX.IntrinsicElements'.
src/components/ProjectModal.tsx(445,21): error TS2339: Property 'button' does not exist on type 'JSX.IntrinsicElements'.
src/components/ProjectModal.tsx(446,19): error TS2339: Property 'span' does not exist on type 'JSX.IntrinsicElements'.
src/components/ProjectModal.tsx(448,15): error TS2339: Property 'div' does not exist on type 'JSX.IntrinsicElements'.
src/components/ProjectModal.tsx(449,13): error TS2339: Property 'div' does not exist on type 'JSX.IntrinsicElements'.
src/components/ProjectModal.tsx(451,13): error TS2339: Property 'div' does not exist on type 'JSX.IntrinsicElements'.
src/components/ProjectModal.tsx(452,15): error TS2339: Property 'label' does not exist on type 'JSX.IntrinsicElements'.
src/components/ProjectModal.tsx(452,90): error TS2339: Property 'label' does not exist on type 'JSX.IntrinsicElements'.
src/components/ProjectModal.tsx(453,15): error TS2339: Property 'textarea' does not exist on type 'JSX.IntrinsicElements'.
src/components/ProjectModal.tsx(461,13): error TS2339: Property 'div' does not exist on type 'JSX.IntrinsicElements'.
src/components/ProjectModal.tsx(462,11): error TS2339: Property 'div' does not exist on type 'JSX.IntrinsicElements'.
src/components/ProjectModal.tsx(463,9): error TS2339: Property 'div' does not exist on type 'JSX.IntrinsicElements'.
src/components/ProjectModal.tsx(465,9): error TS2339: Property 'div' does not exist on type 'JSX.IntrinsicElements'.
src/components/ProjectModal.tsx(466,11): error TS2339: Property 'button' does not exist on type 'JSX.IntrinsicElements'.
src/components/ProjectModal.tsx(472,11): error TS2339: Property 'button' does not exist on type 'JSX.IntrinsicElements'.
src/components/ProjectModal.tsx(473,11): error TS2339: Property 'button' does not exist on type 'JSX.IntrinsicElements'.
src/components/ProjectModal.tsx(478,11): error TS2339: Property 'button' does not exist on type 'JSX.IntrinsicElements'.
src/components/ProjectModal.tsx(479,9): error TS2339: Property 'div' does not exist on type 'JSX.IntrinsicElements'.
src/components/ProjectModal.tsx(480,7): error TS2339: Property 'form' does not exist on type 'JSX.IntrinsicElements'.
src/components/Projects.tsx(2,29): error TS2792: Cannot find module 'react-router-dom'. Did you mean to set the 'moduleResolution' option to 'nodenext', or to add aliases to the 'paths' option?
src/components/Projects.tsx(11,8): error TS2792: Cannot find module '@heroicons/react/24/outline'. Did you mean to set the 'moduleResolution' option to 'nodenext', or to add aliases to the 'paths' option?
src/components/Projects.tsx(48,3): error TS2339: Property 'style' does not exist on type 'JSX.IntrinsicElements'.
src/components/Projects.tsx(62,5): error TS2339: Property 'style' does not exist on type 'JSX.IntrinsicElements'.
src/components/Projects.tsx(273,7): error TS2339: Property 'div' does not exist on type 'JSX.IntrinsicElements'.
src/components/Projects.tsx(274,9): error TS2339: Property 'div' does not exist on type 'JSX.IntrinsicElements'.
src/components/Projects.tsx(274,89): error TS2339: Property 'div' does not exist on type 'JSX.IntrinsicElements'.
src/components/Projects.tsx(275,7): error TS2339: Property 'div' does not exist on type 'JSX.IntrinsicElements'.
src/components/Projects.tsx(402,5): error TS2339: Property 'div' does not exist on type 'JSX.IntrinsicElements'.
src/components/Projects.tsx(406,7): error TS2339: Property 'div' does not exist on type 'JSX.IntrinsicElements'.
src/components/Projects.tsx(408,9): error TS2339: Property 'div' does not exist on type 'JSX.IntrinsicElements'.
src/components/Projects.tsx(409,11): error TS2339: Property 'div' does not exist on type 'JSX.IntrinsicElements'.
src/components/Projects.tsx(410,13): error TS2339: Property 'div' does not exist on type 'JSX.IntrinsicElements'.
src/components/Projects.tsx(411,15): error TS2339: Property 'h1' does not exist on type 'JSX.IntrinsicElements'.
src/components/Projects.tsx(411,127): error TS2339: Property 'h1' does not exist on type 'JSX.IntrinsicElements'.
src/components/Projects.tsx(412,15): error TS2339: Property 'p' does not exist on type 'JSX.IntrinsicElements'.
src/components/Projects.tsx(412,85): error TS2339: Property 'p' does not exist on type 'JSX.IntrinsicElements'.
src/components/Projects.tsx(413,13): error TS2339: Property 'div' does not exist on type 'JSX.IntrinsicElements'.
src/components/Projects.tsx(415,15): error TS2339: Property 'button' does not exist on type 'JSX.IntrinsicElements'.
src/components/Projects.tsx(420,17): error TS2339: Property 'span' does not exist on type 'JSX.IntrinsicElements'.
src/components/Projects.tsx(420,34): error TS2339: Property 'span' does not exist on type 'JSX.IntrinsicElements'.
src/components/Projects.tsx(421,15): error TS2339: Property 'button' does not exist on type 'JSX.IntrinsicElements'.
src/components/Projects.tsx(423,11): error TS2339: Property 'div' does not exist on type 'JSX.IntrinsicElements'.
src/components/Projects.tsx(426,11): error TS2339: Property 'div' does not exist on type 'JSX.IntrinsicElements'.
src/components/Projects.tsx(427,13): error TS2339: Property 'div' does not exist on type 'JSX.IntrinsicElements'.
src/components/Projects.tsx(429,15): error TS2339: Property 'input' does not exist on type 'JSX.IntrinsicElements'.
src/components/Projects.tsx(436,13): error TS2339: Property 'div' does not exist on type 'JSX.IntrinsicElements'.
src/components/Projects.tsx(437,13): error TS2339: Property 'div' does not exist on type 'JSX.IntrinsicElements'.
src/components/Projects.tsx(438,15): error TS2339: Property 'select' does not exist on type 'JSX.IntrinsicElements'.
src/components/Projects.tsx(443,17): error TS2339: Property 'option' does not exist on type 'JSX.IntrinsicElements'.
src/components/Projects.tsx(443,47): error TS2339: Property 'option' does not exist on type 'JSX.IntrinsicElements'.
src/components/Projects.tsx(444,17): error TS2339: Property 'option' does not exist on type 'JSX.IntrinsicElements'.
src/components/Projects.tsx(444,50): error TS2339: Property 'option' does not exist on type 'JSX.IntrinsicElements'.
src/components/Projects.tsx(445,17): error TS2339: Property 'option' does not exist on type 'JSX.IntrinsicElements'.
src/components/Projects.tsx(445,56): error TS2339: Property 'option' does not exist on type 'JSX.IntrinsicElements'.
src/components/Projects.tsx(446,17): error TS2339: Property 'option' does not exist on type 'JSX.IntrinsicElements'.
src/components/Projects.tsx(446,52): error TS2339: Property 'option' does not exist on type 'JSX.IntrinsicElements'.
src/components/Projects.tsx(447,17): error TS2339: Property 'option' does not exist on type 'JSX.IntrinsicElements'.
src/components/Projects.tsx(447,48): error TS2339: Property 'option' does not exist on type 'JSX.IntrinsicElements'.
src/components/Projects.tsx(448,15): error TS2339: Property 'select' does not exist on type 'JSX.IntrinsicElements'.
src/components/Projects.tsx(449,13): error TS2339: Property 'div' does not exist on type 'JSX.IntrinsicElements'.
src/components/Projects.tsx(451,15): error TS2339: Property 'div' does not exist on type 'JSX.IntrinsicElements'.
src/components/Projects.tsx(452,17): error TS2339: Property 'select' does not exist on type 'JSX.IntrinsicElements'.
src/components/Projects.tsx(457,19): error TS2339: Property 'option' does not exist on type 'JSX.IntrinsicElements'.
src/components/Projects.tsx(457,50): error TS2339: Property 'option' does not exist on type 'JSX.IntrinsicElements'.
src/components/Projects.tsx(459,21): error TS2339: Property 'option' does not exist on type 'JSX.IntrinsicElements'.
src/components/Projects.tsx(461,21): error TS2339: Property 'option' does not exist on type 'JSX.IntrinsicElements'.
src/components/Projects.tsx(463,17): error TS2339: Property 'select' does not exist on type 'JSX.IntrinsicElements'.
src/components/Projects.tsx(464,15): error TS2339: Property 'div' does not exist on type 'JSX.IntrinsicElements'.
src/components/Projects.tsx(466,11): error TS2339: Property 'div' does not exist on type 'JSX.IntrinsicElements'.
src/components/Projects.tsx(467,9): error TS2339: Property 'div' does not exist on type 'JSX.IntrinsicElements'.
src/components/Projects.tsx(468,7): error TS2339: Property 'div' does not exist on type 'JSX.IntrinsicElements'.
src/components/Projects.tsx(471,7): error TS2339: Property 'div' does not exist on type 'JSX.IntrinsicElements'.
src/components/Projects.tsx(473,11): error TS2339: Property 'div' does not exist on type 'JSX.IntrinsicElements'.
src/components/Projects.tsx(483,13): error TS2339: Property 'div' does not exist on type 'JSX.IntrinsicElements'.
src/components/Projects.tsx(484,15): error TS2339: Property 'div' does not exist on type 'JSX.IntrinsicElements'.
src/components/Projects.tsx(484,71): error TS2339: Property 'div' does not exist on type 'JSX.IntrinsicElements'.
src/components/Projects.tsx(485,15): error TS2339: Property 'h3' does not exist on type 'JSX.IntrinsicElements'.
src/components/Projects.tsx(487,15): error TS2339: Property 'h3' does not exist on type 'JSX.IntrinsicElements'.
src/components/Projects.tsx(488,15): error TS2339: Property 'span' does not exist on type 'JSX.IntrinsicElements'.
src/components/Projects.tsx(488,96): error TS2339: Property 'span' does not exist on type 'JSX.IntrinsicElements'.
src/components/Projects.tsx(489,13): error TS2339: Property 'div' does not exist on type 'JSX.IntrinsicElements'.
src/components/Projects.tsx(491,13): error TS2339: Property 'div' does not exist on type 'JSX.IntrinsicElements'.
src/components/Projects.tsx(493,17): error TS2339: Property 'div' does not exist on type 'JSX.IntrinsicElements'.
src/components/Projects.tsx(511,19): error TS2339: Property 'div' does not exist on type 'JSX.IntrinsicElements'.
src/components/Projects.tsx(512,21): error TS2339: Property 'div' does not exist on type 'JSX.IntrinsicElements'.
src/components/Projects.tsx(513,23): error TS2339: Property 'h4' does not exist on type 'JSX.IntrinsicElements'.
src/components/Projects.tsx(513,151): error TS2339: Property 'h4' does not exist on type 'JSX.IntrinsicElements'.
src/components/Projects.tsx(514,23): error TS2339: Property 'p' does not exist on type 'JSX.IntrinsicElements'.
src/components/Projects.tsx(514,121): error TS2339: Property 'p' does not exist on type 'JSX.IntrinsicElements'.
src/components/Projects.tsx(515,21): error TS2339: Property 'div' does not exist on type 'JSX.IntrinsicElements'.
src/components/Projects.tsx(517,21): error TS2339: Property 'div' does not exist on type 'JSX.IntrinsicElements'.
src/components/Projects.tsx(518,23): error TS2339: Property 'div' does not exist on type 'JSX.IntrinsicElements'.
src/components/Projects.tsx(519,25): error TS2339: Property 'span' does not exist on type 'JSX.IntrinsicElements'.
src/components/Projects.tsx(519,112): error TS2339: Property 'span' does not exist on type 'JSX.IntrinsicElements'.
src/components/Projects.tsx(520,25): error TS2339: Property 'span' does not exist on type 'JSX.IntrinsicElements'.
src/components/Projects.tsx(520,121): error TS2339: Property 'span' does not exist on type 'JSX.IntrinsicElements'.
src/components/Projects.tsx(521,23): error TS2339: Property 'div' does not exist on type 'JSX.IntrinsicElements'.
src/components/Projects.tsx(522,23): error TS2339: Property 'div' does not exist on type 'JSX.IntrinsicElements'.
src/components/Projects.tsx(523,25): error TS2339: Property 'span' does not exist on type 'JSX.IntrinsicElements'.
src/components/Projects.tsx(523,113): error TS2339: Property 'span' does not exist on type 'JSX.IntrinsicElements'.
src/components/Projects.tsx(524,25): error TS2339: Property 'span' does not exist on type 'JSX.IntrinsicElements'.
src/components/Projects.tsx(524,133): error TS2339: Property 'span' does not exist on type 'JSX.IntrinsicElements'.
src/components/Projects.tsx(525,23): error TS2339: Property 'div' does not exist on type 'JSX.IntrinsicElements'.
src/components/Projects.tsx(526,21): error TS2339: Property 'div' does not exist on type 'JSX.IntrinsicElements'.
src/components/Projects.tsx(528,21): error TS2339: Property 'div' does not exist on type 'JSX.IntrinsicElements'.
src/components/Projects.tsx(529,23): error TS2339: Property 'div' does not exist on type 'JSX.IntrinsicElements'.
src/components/Projects.tsx(530,25): error TS2339: Property 'span' does not exist on type 'JSX.IntrinsicElements'.
src/components/Projects.tsx(530,110): error TS2339: Property 'span' does not exist on type 'JSX.IntrinsicElements'.
src/components/Projects.tsx(531,25): error TS2339: Property 'span' does not exist on type 'JSX.IntrinsicElements'.
src/components/Projects.tsx(531,92): error TS2339: Property 'span' does not exist on type 'JSX.IntrinsicElements'.
src/components/Projects.tsx(532,23): error TS2339: Property 'div' does not exist on type 'JSX.IntrinsicElements'.
src/components/Projects.tsx(533,23): error TS2339: Property 'div' does not exist on type 'JSX.IntrinsicElements'.
src/components/Projects.tsx(534,25): error TS2339: Property 'button' does not exist on type 'JSX.IntrinsicElements'.
src/components/Projects.tsx(540,25): error TS2339: Property 'button' does not exist on type 'JSX.IntrinsicElements'.
src/components/Projects.tsx(543,29): error TS2339: Property 'button' does not exist on type 'JSX.IntrinsicElements'.
src/components/Projects.tsx(549,29): error TS2339: Property 'button' does not exist on type 'JSX.IntrinsicElements'.
src/components/Projects.tsx(550,29): error TS2339: Property 'button' does not exist on type 'JSX.IntrinsicElements'.
src/components/Projects.tsx(556,29): error TS2339: Property 'button' does not exist on type 'JSX.IntrinsicElements'.
src/components/Projects.tsx(559,23): error TS2339: Property 'div' does not exist on type 'JSX.IntrinsicElements'.
src/components/Projects.tsx(560,21): error TS2339: Property 'div' does not exist on type 'JSX.IntrinsicElements'.
src/components/Projects.tsx(562,21): error TS2339: Property 'div' does not exist on type 'JSX.IntrinsicElements'.
src/components/Projects.tsx(563,23): error TS2339: Property 'div' does not exist on type 'JSX.IntrinsicElements'.
src/components/Projects.tsx(564,25): error TS2339: Property 'span' does not exist on type 'JSX.IntrinsicElements'.
src/components/Projects.tsx(564,119): error TS2339: Property 'span' does not exist on type 'JSX.IntrinsicElements'.
src/components/Projects.tsx(565,25): error TS2339: Property 'span' does not exist on type 'JSX.IntrinsicElements'.
src/components/Projects.tsx(567,25): error TS2339: Property 'span' does not exist on type 'JSX.IntrinsicElements'.
src/components/Projects.tsx(568,23): error TS2339: Property 'div' does not exist on type 'JSX.IntrinsicElements'.
src/components/Projects.tsx(569,21): error TS2339: Property 'div' does not exist on type 'JSX.IntrinsicElements'.
src/components/Projects.tsx(570,19): error TS2339: Property 'div' does not exist on type 'JSX.IntrinsicElements'.
src/components/Projects.tsx(571,17): error TS2339: Property 'div' does not exist on type 'JSX.IntrinsicElements'.
src/components/Projects.tsx(575,17): error TS2339: Property 'div' does not exist on type 'JSX.IntrinsicElements'.
src/components/Projects.tsx(579,19): error TS2339: Property 'p' does not exist on type 'JSX.IntrinsicElements'.
src/components/Projects.tsx(579,99): error TS2339: Property 'p' does not exist on type 'JSX.IntrinsicElements'.
src/components/Projects.tsx(581,21): error TS2339: Property 'p' does not exist on type 'JSX.IntrinsicElements'.
src/components/Projects.tsx(581,100): error TS2339: Property 'p' does not exist on type 'JSX.IntrinsicElements'.
src/components/Projects.tsx(583,17): error TS2339: Property 'div' does not exist on type 'JSX.IntrinsicElements'.
src/components/Projects.tsx(585,13): error TS2339: Property 'div' does not exist on type 'JSX.IntrinsicElements'.
src/components/Projects.tsx(586,11): error TS2339: Property 'div' does not exist on type 'JSX.IntrinsicElements'.
src/components/Projects.tsx(588,7): error TS2339: Property 'div' does not exist on type 'JSX.IntrinsicElements'.
src/components/Projects.tsx(606,5): error TS2339: Property 'div' does not exist on type 'JSX.IntrinsicElements'.
src/lib/supabase.ts(1,30): error TS2792: Cannot find module '@supabase/supabase-js'. Did you mean to set the 'moduleResolution' option to 'nodenext', or to add aliases to the 'paths' option?
src/lib/supabase.ts(20,21): error TS1343: The 'import.meta' meta-property is only allowed when the '--module' option is 'es2020', 'es2022', 'esnext', 'system', 'node16', or 'nodenext'.
src/lib/supabase.ts(20,33): error TS2339: Property 'env' does not exist on type 'ImportMeta'.
src/lib/supabase.ts(21,25): error TS1343: The 'import.meta' meta-property is only allowed when the '--module' option is 'es2020', 'es2022', 'esnext', 'system', 'node16', or 'nodenext'.
src/lib/supabase.ts(21,37): error TS2339: Property 'env' does not exist on type 'ImportMeta'.
src/lib/supabase.ts(22,23): error TS1343: The 'import.meta' meta-property is only allowed when the '--module' option is 'es2020', 'es2022', 'esnext', 'system', 'node16', or 'nodenext'.
src/lib/supabase.ts(22,35): error TS2339: Property 'env' does not exist on type 'ImportMeta'.
